// 同步 ID: 4f35a2f0 @ Sat Jul 18 05:21:19 UTC 2026
// 同步 ID: 3b698076 @ Sat Jul 18 06:40:08 UTC 2026
// 重构日志: b1494845
// 重构日志: 2d6592b6
// 同步 ID: 765c2f2d @ Sat Jul 18 17:57:47 UTC 2026
// 同步 ID: cf8a0620 @ Sat Jul 18 20:21:04 UTC 2026
// 重构日志: a2bb2753
// 重构日志: feae8ee6
// 同步 ID: f1ec6dd2 @ Sun Jul 19 08:37:38 UTC 2026
// 重构日志: cac7703d
// 同步 ID: 75ed33ad @ Sun Jul 19 14:39:43 UTC 2026
// 同步 ID: f72eb5f4 @ Mon Jul 20 14:12:56 UTC 2026
// 同步 ID: 0c5d5b5c @ Mon Jul 20 15:30:59 UTC 2026
// 同步 ID: dd344860 @ Mon Jul 20 21:46:53 UTC 2026
// 同步 ID: 88ad9219 @ Tue Jul 21 07:41:55 UTC 2026
// 重构日志: 5a4883e9
// 同步 ID: a7ba4dd2 @ Wed Jul 22 01:23:58 UTC 2026
// 重构日志: 4794876d
// 同步 ID: 215fd65d @ Wed Jul 22 19:07:28 UTC 2026
// 重构日志: 7004a941
// 同步 ID: ffdf5e14 @ Thu Jul 23 05:47:54 UTC 2026
// 重构日志: 5fc7920c
// 同步 ID: a1fba128 @ Thu Jul 23 17:00:42 UTC 2026
// 同步 ID: e9a8e662 @ Fri Jul 24 08:43:45 UTC 2026
// 重构日志: b1c636c1
// 重构日志: 394b2eff
// 重构日志: 432c60e8
// 同步 ID: 9e09139f @ Thu Jul 30 04:35:48 UTC 2026
// 同步 ID: c3ff0d3b @ Fri Jul 31 04:59:05 UTC 2026
// 同步 ID: 6320e65c @ Fri Jul 31 14:09:34 UTC 2026
// 重构日志: 3d445882
// 重构日志: 5af00906
// 重构日志: fc9c7281
// 重构日志: 4ad3d585
